INT
ID
LPAREN
INT
ID
COMMA
INT
ID
RPAREN
LBRACES
RETURN
ID
PLUS
ID
SEMICOLON
RBRACES
INT
ID
COMMA
INT
ID
COMMA
INT
ID
SEMICOLON
ID
ATTRIBUTION
NUMBER
SEMICOLON
ID
ATTRIBUTION
NUMBER
SEMICOLON
ID
ATTRIBUTION
ID
LPAREN
ID
COMMA
ID
RPAREN
SEMICOLON
ID
LPAREN
ID
RPAREN
SEMICOLON
RETURN
NUMBER
SEMICOLON
RBRACES
